Archive member included to satisfy reference by file (symbol)

c:/gcc-arm-none-eabi-10.3-2021.10/bin/../lib/gcc/arm-none-eabi/10.3.1/../../../../arm-none-eabi/lib/thumb/v7-m/nofp\libg_nano.a(lib_a-exit.o)
                              c:/gcc-arm-none-eabi-10.3-2021.10/bin/../lib/gcc/arm-none-eabi/10.3.1/../../../../arm-none-eabi/lib/thumb/v7-m/nofp/crt0.o (exit)
c:/gcc-arm-none-eabi-10.3-2021.10/bin/../lib/gcc/arm-none-eabi/10.3.1/../../../../arm-none-eabi/lib/thumb/v7-m/nofp\libg_nano.a(lib_a-impure.o)
                              c:/gcc-arm-none-eabi-10.3-2021.10/bin/../lib/gcc/arm-none-eabi/10.3.1/../../../../arm-none-eabi/lib/thumb/v7-m/nofp\libg_nano.a(lib_a-exit.o) (_global_impure_ptr)
c:/gcc-arm-none-eabi-10.3-2021.10/bin/../lib/gcc/arm-none-eabi/10.3.1/../../../../arm-none-eabi/lib/thumb/v7-m/nofp\libg_nano.a(lib_a-init.o)
                              c:/gcc-arm-none-eabi-10.3-2021.10/bin/../lib/gcc/arm-none-eabi/10.3.1/../../../../arm-none-eabi/lib/thumb/v7-m/nofp/crt0.o (__libc_init_array)
c:/gcc-arm-none-eabi-10.3-2021.10/bin/../lib/gcc/arm-none-eabi/10.3.1/../../../../arm-none-eabi/lib/thumb/v7-m/nofp\libg_nano.a(lib_a-memset.o)
                              c:/gcc-arm-none-eabi-10.3-2021.10/bin/../lib/gcc/arm-none-eabi/10.3.1/../../../../arm-none-eabi/lib/thumb/v7-m/nofp/crt0.o (memset)
c:/gcc-arm-none-eabi-10.3-2021.10/bin/../lib/gcc/arm-none-eabi/10.3.1/../../../../arm-none-eabi/lib/thumb/v7-m/nofp\libnosys.a(_exit.o)
                              c:/gcc-arm-none-eabi-10.3-2021.10/bin/../lib/gcc/arm-none-eabi/10.3.1/../../../../arm-none-eabi/lib/thumb/v7-m/nofp\libg_nano.a(lib_a-exit.o) (_exit)

Discarded input sections

 .text          0x00000000        0x0 c:/gcc-arm-none-eabi-10.3-2021.10/bin/../lib/gcc/arm-none-eabi/10.3.1/thumb/v7-m/nofp/crti.o
 .data          0x00000000        0x0 c:/gcc-arm-none-eabi-10.3-2021.10/bin/../lib/gcc/arm-none-eabi/10.3.1/thumb/v7-m/nofp/crti.o
 .bss           0x00000000        0x0 c:/gcc-arm-none-eabi-10.3-2021.10/bin/../lib/gcc/arm-none-eabi/10.3.1/thumb/v7-m/nofp/crti.o
 .data          0x00000000        0x4 c:/gcc-arm-none-eabi-10.3-2021.10/bin/../lib/gcc/arm-none-eabi/10.3.1/thumb/v7-m/nofp/crtbegin.o
 .rodata        0x00000000       0x24 c:/gcc-arm-none-eabi-10.3-2021.10/bin/../lib/gcc/arm-none-eabi/10.3.1/thumb/v7-m/nofp/crtbegin.o
 .text          0x00000000       0x7c c:/gcc-arm-none-eabi-10.3-2021.10/bin/../lib/gcc/arm-none-eabi/10.3.1/../../../../arm-none-eabi/lib/thumb/v7-m/nofp/crt0.o
 .data          0x00000000        0x0 c:/gcc-arm-none-eabi-10.3-2021.10/bin/../lib/gcc/arm-none-eabi/10.3.1/../../../../arm-none-eabi/lib/thumb/v7-m/nofp/crt0.o
 .bss           0x00000000        0x0 c:/gcc-arm-none-eabi-10.3-2021.10/bin/../lib/gcc/arm-none-eabi/10.3.1/../../../../arm-none-eabi/lib/thumb/v7-m/nofp/crt0.o
 .ARM.extab     0x00000000        0x0 c:/gcc-arm-none-eabi-10.3-2021.10/bin/../lib/gcc/arm-none-eabi/10.3.1/../../../../arm-none-eabi/lib/thumb/v7-m/nofp/crt0.o
 .ARM.exidx     0x00000000       0x10 c:/gcc-arm-none-eabi-10.3-2021.10/bin/../lib/gcc/arm-none-eabi/10.3.1/../../../../arm-none-eabi/lib/thumb/v7-m/nofp/crt0.o
 .ARM.attributes
                0x00000000       0x1b c:/gcc-arm-none-eabi-10.3-2021.10/bin/../lib/gcc/arm-none-eabi/10.3.1/../../../../arm-none-eabi/lib/thumb/v7-m/nofp/crt0.o
 .text          0x00000000        0x0 CMakeFiles/TemplateF103.elf.dir/Core/Src/core_cm3.c.obj
 .data          0x00000000        0x0 CMakeFiles/TemplateF103.elf.dir/Core/Src/core_cm3.c.obj
 .bss           0x00000000        0x0 CMakeFiles/TemplateF103.elf.dir/Core/Src/core_cm3.c.obj
 .text.__get_PSP
                0x00000000        0xe CMakeFiles/TemplateF103.elf.dir/Core/Src/core_cm3.c.obj
 .text.__set_PSP
                0x00000000        0xa CMakeFiles/TemplateF103.elf.dir/Core/Src/core_cm3.c.obj
 .text.__get_MSP
                0x00000000        0xe CMakeFiles/TemplateF103.elf.dir/Core/Src/core_cm3.c.obj
 .text.__set_MSP
                0x00000000        0xa CMakeFiles/TemplateF103.elf.dir/Core/Src/core_cm3.c.obj
 .text.__get_BASEPRI
                0x00000000       0x1c CMakeFiles/TemplateF103.elf.dir/Core/Src/core_cm3.c.obj
 .text.__set_BASEPRI
                0x00000000       0x18 CMakeFiles/TemplateF103.elf.dir/Core/Src/core_cm3.c.obj
 .text.__get_PRIMASK
                0x00000000       0x1c CMakeFiles/TemplateF103.elf.dir/Core/Src/core_cm3.c.obj
 .text.__set_PRIMASK
                0x00000000       0x18 CMakeFiles/TemplateF103.elf.dir/Core/Src/core_cm3.c.obj
 .text.__get_FAULTMASK
                0x00000000       0x1c CMakeFiles/TemplateF103.elf.dir/Core/Src/core_cm3.c.obj
 .text.__set_FAULTMASK
                0x00000000       0x18 CMakeFiles/TemplateF103.elf.dir/Core/Src/core_cm3.c.obj
 .text.__get_CONTROL
                0x00000000       0x1c CMakeFiles/TemplateF103.elf.dir/Core/Src/core_cm3.c.obj
 .text.__set_CONTROL
                0x00000000       0x18 CMakeFiles/TemplateF103.elf.dir/Core/Src/core_cm3.c.obj
[...]
Memory Configuration

Name             Origin             Length             Attributes
RAM              0x20000000         0x00005000         xrw
FLASH            0x08000000         0x00010000         xr
*default*        0x00000000         0xffffffff

Linker script and memory map

LOAD c:/gcc-arm-none-eabi-10.3-2021.10/bin/../lib/gcc/arm-none-eabi/10.3.1/thumb/v7-m/nofp/crti.o
LOAD c:/gcc-arm-none-eabi-10.3-2021.10/bin/../lib/gcc/arm-none-eabi/10.3.1/thumb/v7-m/nofp/crtbegin.o
LOAD c:/gcc-arm-none-eabi-10.3-2021.10/bin/../lib/gcc/arm-none-eabi/10.3.1/../../../../arm-none-eabi/lib/thumb/v7-m/nofp/crt0.o
LOAD CMakeFiles/TemplateF103.elf.dir/Core/Src/core_cm3.c.obj
LOAD CMakeFiles/TemplateF103.elf.dir/Core/Src/main.c.obj
LOAD CMakeFiles/TemplateF103.elf.dir/Core/Src/stm32f10x_it.c.obj
LOAD CMakeFiles/TemplateF103.elf.dir/Core/Src/system_stm32f10x.c.obj
LOAD CMakeFiles/TemplateF103.elf.dir/STM32F10x_FWLib/Src/misc.c.obj
LOAD CMakeFiles/TemplateF103.elf.dir/STM32F10x_FWLib/Src/stm32f10x_adc.c.obj
LOAD CMakeFiles/TemplateF103.elf.dir/STM32F10x_FWLib/Src/stm32f10x_bkp.c.obj
LOAD CMakeFiles/TemplateF103.elf.dir/STM32F10x_FWLib/Src/stm32f10x_can.c.obj
LOAD CMakeFiles/TemplateF103.elf.dir/STM32F10x_FWLib/Src/stm32f10x_cec.c.obj
LOAD CMakeFiles/TemplateF103.elf.dir/STM32F10x_FWLib/Src/stm32f10x_crc.c.obj
LOAD CMakeFiles/TemplateF103.elf.dir/STM32F10x_FWLib/Src/stm32f10x_dac.c.obj
LOAD CMakeFiles/TemplateF103.elf.dir/STM32F10x_FWLib/Src/stm32f10x_dbgmcu.c.obj
LOAD CMakeFiles/TemplateF103.elf.dir/STM32F10x_FWLib/Src/stm32f10x_dma.c.obj
LOAD CMakeFiles/TemplateF103.elf.dir/STM32F10x_FWLib/Src/stm32f10x_exti.c.obj
LOAD CMakeFiles/TemplateF103.elf.dir/STM32F10x_FWLib/Src/stm32f10x_flash.c.obj
LOAD CMakeFiles/TemplateF103.elf.dir/STM32F10x_FWLib/Src/stm32f10x_fsmc.c.obj
LOAD CMakeFiles/TemplateF103.elf.dir/STM32F10x_FWLib/Src/stm32f10x_gpio.c.obj
LOAD CMakeFiles/TemplateF103.elf.dir/STM32F10x_FWLib/Src/stm32f10x_i2c.c.obj
LOAD CMakeFiles/TemplateF103.elf.dir/STM32F10x_FWLib/Src/stm32f10x_iwdg.c.obj
LOAD CMakeFiles/TemplateF103.elf.dir/STM32F10x_FWLib/Src/stm32f10x_pwr.c.obj
LOAD CMakeFiles/TemplateF103.elf.dir/STM32F10x_FWLib/Src/stm32f10x_rcc.c.obj
LOAD CMakeFiles/TemplateF103.elf.dir/STM32F10x_FWLib/Src/stm32f10x_rtc.c.obj
LOAD CMakeFiles/TemplateF103.elf.dir/STM32F10x_FWLib/Src/stm32f10x_sdio.c.obj
LOAD CMakeFiles/TemplateF103.elf.dir/STM32F10x_FWLib/Src/stm32f10x_spi.c.obj
LOAD CMakeFiles/TemplateF103.elf.dir/STM32F10x_FWLib/Src/stm32f10x_tim.c.obj
LOAD CMakeFiles/TemplateF103.elf.dir/STM32F10x_FWLib/Src/stm32f10x_usart.c.obj
LOAD CMakeFiles/TemplateF103.elf.dir/STM32F10x_FWLib/Src/stm32f10x_wwdg.c.obj
LOAD CMakeFiles/TemplateF103.elf.dir/SYSTEM/Src/delay.c.obj
LOAD CMakeFiles/TemplateF103.elf.dir/SYSTEM/Src/sys.c.obj
LOAD CMakeFiles/TemplateF103.elf.dir/SYSTEM/Src/usart.c.obj
LOAD CMakeFiles/TemplateF103.elf.dir/startup/startup_stm32f103xb.s.obj
START GROUP
LOAD c:/gcc-arm-none-eabi-10.3-2021.10/bin/../lib/gcc/arm-none-eabi/10.3.1/thumb/v7-m/nofp\libgcc.a
LOAD c:/gcc-arm-none-eabi-10.3-2021.10/bin/../lib/gcc/arm-none-eabi/10.3.1/../../../../arm-none-eabi/lib/thumb/v7-m/nofp\libg_nano.a
LOAD c:/gcc-arm-none-eabi-10.3-2021.10/bin/../lib/gcc/arm-none-eabi/10.3.1/../../../../arm-none-eabi/lib/thumb/v7-m/nofp\libc_nano.a
END GROUP
START GROUP
LOAD c:/gcc-arm-none-eabi-10.3-2021.10/bin/../lib/gcc/arm-none-eabi/10.3.1/thumb/v7-m/nofp\libgcc.a
LOAD c:/gcc-arm-none-eabi-10.3-2021.10/bin/../lib/gcc/arm-none-eabi/10.3.1/../../../../arm-none-eabi/lib/thumb/v7-m/nofp\libc_nano.a
LOAD c:/gcc-arm-none-eabi-10.3-2021.10/bin/../lib/gcc/arm-none-eabi/10.3.1/../../../../arm-none-eabi/lib/thumb/v7-m/nofp\libnosys.a
END GROUP
START GROUP
LOAD c:/gcc-arm-none-eabi-10.3-2021.10/bin/../lib/gcc/arm-none-eabi/10.3.1/thumb/v7-m/nofp\libgcc.a
LOAD c:/gcc-arm-none-eabi-10.3-2021.10/bin/../lib/gcc/arm-none-eabi/10.3.1/../../../../arm-none-eabi/lib/thumb/v7-m/nofp\libc_nano.a
LOAD c:/gcc-arm-none-eabi-10.3-2021.10/bin/../lib/gcc/arm-none-eabi/10.3.1/../../../../arm-none-eabi/lib/thumb/v7-m/nofp\libnosys.a
END GROUP
LOAD c:/gcc-arm-none-eabi-10.3-2021.10/bin/../lib/gcc/arm-none-eabi/10.3.1/thumb/v7-m/nofp/crtend.o
LOAD c:/gcc-arm-none-eabi-10.3-2021.10/bin/../lib/gcc/arm-none-eabi/10.3.1/thumb/v7-m/nofp/crtn.o
                0x20005000                _estack = 0x20005000
                0x00001000                _Min_Heap_Size = 0x1000
                0x00000400                _Min_Stack_Size = 0x400

.isr_vector     0x08000000      0x10c
                0x08000000                . = ALIGN (0x4)
 *(.isr_vector)
 .isr_vector    0x08000000      0x10c CMakeFiles/TemplateF103.elf.dir/startup/startup_stm32f103xb.s.obj
                0x08000000                g_pfnVectors
                0x0800010c                . = ALIGN (0x4)

.text           0x0800010c      0x7ac
                0x0800010c                . = ALIGN (0x4)
 *(.text)
 .text          0x0800010c       0x40 c:/gcc-arm-none-eabi-10.3-2021.10/bin/../lib/gcc/arm-none-eabi/10.3.1/thumb/v7-m/nofp/crtbegin.o
 *(.text*)
 .text.main     0x0800014c       0x9c CMakeFiles/TemplateF103.elf.dir/Core/Src/main.c.obj
                0x0800014c                main
 .text.NMI_Handler
                0x080001e8        0xc CMakeFiles/TemplateF103.elf.dir/Core/Src/stm32f10x_it.c.obj
                0x080001e8                NMI_Handler
 .text.HardFault_Handler
                0x080001f4        0x6 CMakeFiles/TemplateF103.elf.dir/Core/Src/stm32f10x_it.c.obj
                0x080001f4                HardFault_Handler
 .text.MemManage_Handler
                0x080001fa        0x6 CMakeFiles/TemplateF103.elf.dir/Core/Src/stm32f10x_it.c.obj
                0x080001fa                MemManage_Handler
 .text.BusFault_Handler
                0x08000200        0x6 CMakeFiles/TemplateF103.elf.dir/Core/Src/stm32f10x_it.c.obj
                0x08000200                BusFault_Handler
 .text.UsageFault_Handler
                0x08000206        0x6 CMakeFiles/TemplateF103.elf.dir/Core/Src/stm32f10x_it.c.obj
                0x08000206                UsageFault_Handler
 .text.SVC_Handler
                0x0800020c        0xc CMakeFiles/TemplateF103.elf.dir/Core/Src/stm32f10x_it.c.obj
                0x0800020c                SVC_Handler
 .text.DebugMon_Handler
                0x08000218        0xc CMakeFiles/TemplateF103.elf.dir/Core/Src/stm32f10x_it.c.obj
                0x08000218                DebugMon_Handler
 .text.PendSV_Handler
                0x08000224        0xc CMakeFiles/TemplateF103.elf.dir/Core/Src/stm32f10x_it.c.obj
                0x08000224                PendSV_Handler
 .text.SysTick_Handler
                0x08000230        0xc CMakeFiles/TemplateF103.elf.dir/Core/Src/stm32f10x_it.c.obj
                0x08000230                SysTick_Handler
 .text.SystemInit
                0x0800023c       0x68 CMakeFiles/TemplateF103.elf.dir/Core/Src/system_stm32f10x.c.obj
                0x0800023c                SystemInit
 .text.SetSysClock
                0x080002a4        0xc CMakeFiles/TemplateF103.elf.dir/Core/Src/system_stm32f10x.c.obj
 .text.SetSysClockTo72
                0x080002b0      0x100 CMakeFiles/TemplateF103.elf.dir/Core/Src/system_stm32f10x.c.obj
 .text.SysTick_CLKSourceConfig
                0x080003b0       0x38 CMakeFiles/TemplateF103.elf.dir/STM32F10x_FWLib/Src/misc.c.obj
                0x080003b0                SysTick_CLKSourceConfig
 .text.GPIO_Init
                0x080003e8      0x178 CMakeFiles/TemplateF103.elf.dir/STM32F10x_FWLib/Src/stm32f10x_gpio.c.obj
                0x080003e8                GPIO_Init
 .text.GPIO_SetBits
                0x08000560       0x1c CMakeFiles/TemplateF103.elf.dir/STM32F10x_FWLib/Src/stm32f10x_gpio.c.obj
                0x08000560                GPIO_SetBits
 .text.GPIO_ResetBits
                0x0800057c       0x1c CMakeFiles/TemplateF103.elf.dir/STM32F10x_FWLib/Src/stm32f10x_gpio.c.obj
                0x0800057c                GPIO_ResetBits
 .text.RCC_APB2PeriphClockCmd
                0x08000598       0x3c CMakeFiles/TemplateF103.elf.dir/STM32F10x_FWLib/Src/stm32f10x_rcc.c.obj
                0x08000598                RCC_APB2PeriphClockCmd
 .text.USART_ReceiveData
                0x080005d4       0x1e CMakeFiles/TemplateF103.elf.dir/STM32F10x_FWLib/Src/stm32f10x_usart.c.obj
                0x080005d4                USART_ReceiveData
 .text.USART_GetITStatus
                0x080005f2       0xb4 CMakeFiles/TemplateF103.elf.dir/STM32F10x_FWLib/Src/stm32f10x_usart.c.obj
                0x080005f2                USART_GetITStatus
 *fill*         0x080006a6        0x2 
 .text.delay_init
                0x080006a8       0x4c CMakeFiles/TemplateF103.elf.dir/SYSTEM/Src/delay.c.obj
                0x080006a8                delay_init
 .text.delay_ms
                0x080006f4       0x6c CMakeFiles/TemplateF103.elf.dir/SYSTEM/Src/delay.c.obj
                0x080006f4                delay_ms
 .text.USART1_IRQHandler
                0x08000760       0xac CMakeFiles/TemplateF103.elf.dir/SYSTEM/Src/usart.c.obj
                0x08000760                USART1_IRQHandler
 .text.Reset_Handler
                0x0800080c       0x48 CMakeFiles/TemplateF103.elf.dir/startup/startup_stm32f103xb.s.obj
                0x0800080c                Reset_Handler
 .text.Default_Handler
                0x08000854        0x2 CMakeFiles/TemplateF103.elf.dir/startup/startup_stm32f103xb.s.obj
                0x08000854                RTC_Alarm_IRQHandler
                0x08000854                EXTI2_IRQHandler
                0x08000854                TIM1_CC_IRQHandler
                0x08000854                PVD_IRQHandler
                0x08000854                EXTI3_IRQHandler
                0x08000854                EXTI0_IRQHandler
                0x08000854                I2C2_EV_IRQHandler
                0x08000854                ADC1_2_IRQHandler
                0x08000854                SPI1_IRQHandler
                0x08000854                TAMPER_IRQHandler
                0x08000854                DMA1_Channel4_IRQHandler
                0x08000854                USART3_IRQHandler
                0x08000854                RTC_IRQHandler
                0x08000854                DMA1_Channel7_IRQHandler
                0x08000854                CAN1_RX1_IRQHandler
                0x08000854                TIM4_IRQHandler
                0x08000854                I2C1_EV_IRQHandler
                0x08000854                DMA1_Channel6_IRQHandler
                0x08000854                TIM3_IRQHandler
                0x08000854                RCC_IRQHandler
                0x08000854                TIM1_TRG_COM_IRQHandler
                0x08000854                DMA1_Channel1_IRQHandler
                0x08000854                Default_Handler
                0x08000854                EXTI15_10_IRQHandler
                0x08000854                EXTI9_5_IRQHandler
                0x08000854                SPI2_IRQHandler
                0x08000854                DMA1_Channel5_IRQHandler
                0x08000854                EXTI4_IRQHandler
                0x08000854                USB_LP_CAN1_RX0_IRQHandler
                0x08000854                USB_HP_CAN1_TX_IRQHandler
                0x08000854                DMA1_Channel3_IRQHandler
                0x08000854                TIM1_UP_IRQHandler
                0x08000854                WWDG_IRQHandler
                0x08000854                TIM2_IRQHandler
                0x08000854                TIM1_BRK_IRQHandler
                0x08000854                EXTI1_IRQHandler
                0x08000854                USART2_IRQHandler
                0x08000854                I2C2_ER_IRQHandler
                0x08000854                DMA1_Channel2_IRQHandler
                0x08000854                CAN1_SCE_IRQHandler
                0x08000854                FLASH_IRQHandler
                0x08000854                I2C1_ER_IRQHandler
                0x08000854                USBWakeUp_IRQHandler
 *fill*         0x08000856        0x2 
 .text.__libc_init_array
                0x08000858       0x48 c:/gcc-arm-none-eabi-10.3-2021.10/bin/../lib/gcc/arm-none-eabi/10.3.1/../../../../arm-none-eabi/lib/thumb/v7-m/nofp\libg_nano.a(lib_a-init.o)
                0x08000858                __libc_init_array
 *(.glue_7)
 .glue_7        0x080008a0        0x0 linker stubs
 *(.glue_7t)
 .glue_7t       0x080008a0        0x0 linker stubs
 *(.eh_frame)
 .eh_frame      0x080008a0        0x0 c:/gcc-arm-none-eabi-10.3-2021.10/bin/../lib/gcc/arm-none-eabi/10.3.1/thumb/v7-m/nofp/crtbegin.o
 *(.init)
 .init          0x080008a0        0x4 c:/gcc-arm-none-eabi-10.3-2021.10/bin/../lib/gcc/arm-none-eabi/10.3.1/thumb/v7-m/nofp/crti.o
                0x080008a0                _init
 .init          0x080008a4        0x8 c:/gcc-arm-none-eabi-10.3-2021.10/bin/../lib/gcc/arm-none-eabi/10.3.1/thumb/v7-m/nofp/crtn.o
 *(.fini)
 .fini          0x080008ac        0x4 c:/gcc-arm-none-eabi-10.3-2021.10/bin/../lib/gcc/arm-none-eabi/10.3.1/thumb/v7-m/nofp/crti.o
                0x080008ac                _fini
 .fini          0x080008b0        0x8 c:/gcc-arm-none-eabi-10.3-2021.10/bin/../lib/gcc/arm-none-eabi/10.3.1/thumb/v7-m/nofp/crtn.o
                0x080008b8                . = ALIGN (0x4)
                0x080008b8                _etext = .

.vfp11_veneer   0x080008b8        0x0
 .vfp11_veneer  0x080008b8        0x0 linker stubs

.v4_bx          0x080008b8        0x0
 .v4_bx         0x080008b8        0x0 linker stubs

.iplt           0x080008b8        0x0
 .iplt          0x080008b8        0x0 c:/gcc-arm-none-eabi-10.3-2021.10/bin/../lib/gcc/arm-none-eabi/10.3.1/thumb/v7-m/nofp/crtbegin.o

.rel.dyn        0x080008b8        0x0
 .rel.iplt      0x080008b8        0x0 c:/gcc-arm-none-eabi-10.3-2021.10/bin/../lib/gcc/arm-none-eabi/10.3.1/thumb/v7-m/nofp/crtbegin.o

.rodata         0x080008b8        0x0
                0x080008b8                . = ALIGN (0x4)
 *(.rodata)
 *(.rodata*)
                0x080008b8                . = ALIGN (0x4)

.ARM.extab
 *(.ARM.extab* .gnu.linkonce.armextab.*)

.ARM            0x080008b8        0x0
                0x080008b8                __exidx_start = .
 *(.ARM.exidx*)
                0x080008b8                __exidx_end = .

.preinit_array  0x080008b8        0x0
                0x080008b8                PROVIDE (__preinit_array_start = .)
 *(.preinit_array*)
                0x080008b8                PROVIDE (__preinit_array_end = .)

.init_array     0x080008b8        0x4
                0x080008b8                PROVIDE (__init_array_start = .)
 *(SORT_BY_NAME(.init_array.*))
 *(.init_array*)
 .init_array    0x080008b8        0x4 c:/gcc-arm-none-eabi-10.3-2021.10/bin/../lib/gcc/arm-none-eabi/10.3.1/thumb/v7-m/nofp/crtbegin.o
                0x080008bc                PROVIDE (__init_array_end = .)

.fini_array     0x080008bc        0x4
                [!provide]                PROVIDE (__fini_array_start = .)
 *(SORT_BY_NAME(.fini_array.*))
 *(.fini_array*)
 .fini_array    0x080008bc        0x4 c:/gcc-arm-none-eabi-10.3-2021.10/bin/../lib/gcc/arm-none-eabi/10.3.1/thumb/v7-m/nofp/crtbegin.o
                [!provide]                PROVIDE (__fini_array_end = .)
                0x080008c0                _sidata = LOADADDR (.data)

.data           0x20000000        0x8 load address 0x080008c0
                0x20000000                . = ALIGN (0x4)
                0x20000000                _sdata = .
 *(.data)
 *(.data*)
 .data.TRUE     0x20000000        0x4 CMakeFiles/TemplateF103.elf.dir/Core/Src/main.c.obj
                0x20000000                TRUE
 .data.SystemCoreClock
                0x20000004        0x4 CMakeFiles/TemplateF103.elf.dir/Core/Src/system_stm32f10x.c.obj
                0x20000004                SystemCoreClock
                0x20000008                . = ALIGN (0x4)
                0x20000008                _edata = .

.igot.plt       0x20000008        0x0 load address 0x080008c8
 .igot.plt      0x20000008        0x0 c:/gcc-arm-none-eabi-10.3-2021.10/bin/../lib/gcc/arm-none-eabi/10.3.1/thumb/v7-m/nofp/crtbegin.o
                0x20000008                . = ALIGN (0x4)

.bss            0x20000008       0xec load address 0x080008c8
                0x20000008                _sbss = .
                0x20000008                __bss_start__ = _sbss
 *(.bss)
 .bss           0x20000008       0x1c c:/gcc-arm-none-eabi-10.3-2021.10/bin/../lib/gcc/arm-none-eabi/10.3.1/thumb/v7-m/nofp/crtbegin.o
 *(.bss*)
 .bss.fac_us    0x20000024        0x1 CMakeFiles/TemplateF103.elf.dir/SYSTEM/Src/delay.c.obj
 *fill*         0x20000025        0x1 
 .bss.fac_ms    0x20000026        0x2 CMakeFiles/TemplateF103.elf.dir/SYSTEM/Src/delay.c.obj
 .bss.USART_RX_BUF
                0x20000028       0xc8 CMakeFiles/TemplateF103.elf.dir/SYSTEM/Src/usart.c.obj
                0x20000028                USART_RX_BUF
 .bss.USART_RX_STA
                0x200000f0        0x2 CMakeFiles/TemplateF103.elf.dir/SYSTEM/Src/usart.c.obj
                0x200000f0                USART_RX_STA
 *(COMMON)
                0x200000f4                . = ALIGN (0x4)
 *fill*         0x200000f2        0x2 
                0x200000f4                _ebss = .
                0x200000f4                __bss_end__ = _ebss

._user_heap_stack
                0x200000f4     0x1404 load address 0x080008c8
                0x200000f8                . = ALIGN (0x8)
 *fill*         0x200000f4        0x4 
                [!provide]                PROVIDE (end = .)
                [!provide]                PROVIDE (_end = .)
                0x200010f8                . = (. + _Min_Heap_Size)
 *fill*         0x200000f8     0x1000 
                0x200014f8                . = (. + _Min_Stack_Size)
 *fill*         0x200010f8      0x400 
                0x200014f8                . = ALIGN (0x8)

/DISCARD/
 libc.a(*)
 libm.a(*)
 libgcc.a(*)

.ARM.attributes
                0x00000000       0x29
 *(.ARM.attributes)
 .ARM.attributes
                0x00000000       0x1d c:/gcc-arm-none-eabi-10.3-2021.10/bin/../lib/gcc/arm-none-eabi/10.3.1/thumb/v7-m/nofp/crti.o
 .ARM.attributes
                0x0000001d       0x2d c:/gcc-arm-none-eabi-10.3-2021.10/bin/../lib/gcc/arm-none-eabi/10.3.1/thumb/v7-m/nofp/crtbegin.o
 .ARM.attributes
                0x0000004a       0x2d CMakeFiles/TemplateF103.elf.dir/Core/Src/main.c.obj
 .ARM.attributes
                0x00000077       0x2d CMakeFiles/TemplateF103.elf.dir/Core/Src/stm32f10x_it.c.obj
 .ARM.attributes
                0x000000a4       0x2d CMakeFiles/TemplateF103.elf.dir/Core/Src/system_stm32f10x.c.obj
 .ARM.attributes
                0x000000d1       0x2d CMakeFiles/TemplateF103.elf.dir/STM32F10x_FWLib/Src/misc.c.obj
 .ARM.attributes
                0x000000fe       0x2d CMakeFiles/TemplateF103.elf.dir/STM32F10x_FWLib/Src/stm32f10x_gpio.c.obj
 .ARM.attributes
                0x0000012b       0x2d CMakeFiles/TemplateF103.elf.dir/STM32F10x_FWLib/Src/stm32f10x_rcc.c.obj
 .ARM.attributes
                0x00000158       0x2d CMakeFiles/TemplateF103.elf.dir/STM32F10x_FWLib/Src/stm32f10x_usart.c.obj
 .ARM.attributes
                0x00000185       0x2d CMakeFiles/TemplateF103.elf.dir/SYSTEM/Src/delay.c.obj
 .ARM.attributes
                0x000001b2       0x2d CMakeFiles/TemplateF103.elf.dir/SYSTEM/Src/usart.c.obj
 .ARM.attributes
                0x000001df       0x21 CMakeFiles/TemplateF103.elf.dir/startup/startup_stm32f103xb.s.obj
 .ARM.attributes
                0x00000200       0x2d c:/gcc-arm-none-eabi-10.3-2021.10/bin/../lib/gcc/arm-none-eabi/10.3.1/../../../../arm-none-eabi/lib/thumb/v7-m/nofp\libg_nano.a(lib_a-init.o)
 .ARM.attributes
                0x0000022d       0x1d c:/gcc-arm-none-eabi-10.3-2021.10/bin/../lib/gcc/arm-none-eabi/10.3.1/thumb/v7-m/nofp/crtn.o
OUTPUT(TemplateF103.elf elf32-littlearm)
LOAD linker stubs
LOAD c:/gcc-arm-none-eabi-10.3-2021.10/bin/../lib/gcc/arm-none-eabi/10.3.1/../../../../arm-none-eabi/lib/thumb/v7-m/nofp\libc.a
LOAD c:/gcc-arm-none-eabi-10.3-2021.10/bin/../lib/gcc/arm-none-eabi/10.3.1/../../../../arm-none-eabi/lib/thumb/v7-m/nofp\libm.a
LOAD c:/gcc-arm-none-eabi-10.3-2021.10/bin/../lib/gcc/arm-none-eabi/10.3.1/thumb/v7-m/nofp\libgcc.a

.debug_info     0x00000000     0x377e
 .debug_info    0x00000000      0x23a CMakeFiles/TemplateF103.elf.dir/Core/Src/main.c.obj
 .debug_info    0x0000023a      0x10e CMakeFiles/TemplateF103.elf.dir/Core/Src/stm32f10x_it.c.obj
 .debug_info    0x00000348      0x475 CMakeFiles/TemplateF103.elf.dir/Core/Src/system_stm32f10x.c.obj
 .debug_info    0x000007bd      0x50c CMakeFiles/TemplateF103.elf.dir/STM32F10x_FWLib/Src/misc.c.obj
 .debug_info    0x00000cc9      0x72e CMakeFiles/TemplateF103.elf.dir/STM32F10x_FWLib/Src/stm32f10x_gpio.c.obj
 .debug_info    0x000013f7      0x8f3 CMakeFiles/TemplateF103.elf.dir/STM32F10x_FWLib/Src/stm32f10x_rcc.c.obj
 .debug_info    0x00001cea      0xa5b CMakeFiles/TemplateF103.elf.dir/STM32F10x_FWLib/Src/stm32f10x_usart.c.obj
 .debug_info    0x00002745      0x1e0 CMakeFiles/TemplateF103.elf.dir/SYSTEM/Src/delay.c.obj
 .debug_info    0x00002925      0xe37 CMakeFiles/TemplateF103.elf.dir/SYSTEM/Src/usart.c.obj
 .debug_info    0x0000375c       0x22 CMakeFiles/TemplateF103.elf.dir/startup/startup_stm32f103xb.s.obj

.debug_abbrev   0x00000000      0xd5b
 .debug_abbrev  0x00000000      0x10f CMakeFiles/TemplateF103.elf.dir/Core/Src/main.c.obj
 .debug_abbrev  0x0000010f       0x44 CMakeFiles/TemplateF103.elf.dir/Core/Src/stm32f10x_it.c.obj
 .debug_abbrev  0x00000153      0x1ae CMakeFiles/TemplateF103.elf.dir/Core/Src/system_stm32f10x.c.obj
 .debug_abbrev  0x00000301      0x181 CMakeFiles/TemplateF103.elf.dir/STM32F10x_FWLib/Src/misc.c.obj
 .debug_abbrev  0x00000482      0x1e9 CMakeFiles/TemplateF103.elf.dir/STM32F10x_FWLib/Src/stm32f10x_gpio.c.obj
 .debug_abbrev  0x0000066b      0x1d3 CMakeFiles/TemplateF103.elf.dir/STM32F10x_FWLib/Src/stm32f10x_rcc.c.obj
 .debug_abbrev  0x0000083e      0x191 CMakeFiles/TemplateF103.elf.dir/STM32F10x_FWLib/Src/stm32f10x_usart.c.obj
 .debug_abbrev  0x000009cf      0x101 CMakeFiles/TemplateF103.elf.dir/SYSTEM/Src/delay.c.obj
 .debug_abbrev  0x00000ad0      0x279 CMakeFiles/TemplateF103.elf.dir/SYSTEM/Src/usart.c.obj
 .debug_abbrev  0x00000d49       0x12 CMakeFiles/TemplateF103.elf.dir/startup/startup_stm32f103xb.s.obj

.debug_aranges  0x00000000      0x450
 .debug_aranges
                0x00000000       0x20 CMakeFiles/TemplateF103.elf.dir/Core/Src/main.c.obj
 .debug_aranges
                0x00000020       0x60 CMakeFiles/TemplateF103.elf.dir/Core/Src/stm32f10x_it.c.obj
 .debug_aranges
                0x00000080       0x38 CMakeFiles/TemplateF103.elf.dir/Core/Src/system_stm32f10x.c.obj
 .debug_aranges
                0x000000b8       0x40 CMakeFiles/TemplateF103.elf.dir/STM32F10x_FWLib/Src/misc.c.obj
 .debug_aranges
                0x000000f8       0xa8 CMakeFiles/TemplateF103.elf.dir/STM32F10x_FWLib/Src/stm32f10x_gpio.c.obj
 .debug_aranges
                0x000001a0      0x118 CMakeFiles/TemplateF103.elf.dir/STM32F10x_FWLib/Src/stm32f10x_rcc.c.obj
 .debug_aranges
                0x000002b8      0x100 CMakeFiles/TemplateF103.elf.dir/STM32F10x_FWLib/Src/stm32f10x_usart.c.obj
 .debug_aranges
                0x000003b8       0x30 CMakeFiles/TemplateF103.elf.dir/SYSTEM/Src/delay.c.obj
 .debug_aranges
                0x000003e8       0x40 CMakeFiles/TemplateF103.elf.dir/SYSTEM/Src/usart.c.obj
 .debug_aranges
                0x00000428       0x28 CMakeFiles/TemplateF103.elf.dir/startup/startup_stm32f103xb.s.obj

.debug_ranges   0x00000000      0x3d0
 .debug_ranges  0x00000000       0x10 CMakeFiles/TemplateF103.elf.dir/Core/Src/main.c.obj
 .debug_ranges  0x00000010       0x50 CMakeFiles/TemplateF103.elf.dir/Core/Src/stm32f10x_it.c.obj
 .debug_ranges  0x00000060       0x28 CMakeFiles/TemplateF103.elf.dir/Core/Src/system_stm32f10x.c.obj
 .debug_ranges  0x00000088       0x30 CMakeFiles/TemplateF103.elf.dir/STM32F10x_FWLib/Src/misc.c.obj
 .debug_ranges  0x000000b8       0x98 CMakeFiles/TemplateF103.elf.dir/STM32F10x_FWLib/Src/stm32f10x_gpio.c.obj
 .debug_ranges  0x00000150      0x108 CMakeFiles/TemplateF103.elf.dir/STM32F10x_FWLib/Src/stm32f10x_rcc.c.obj
 .debug_ranges  0x00000258       0xf0 CMakeFiles/TemplateF103.elf.dir/STM32F10x_FWLib/Src/stm32f10x_usart.c.obj
 .debug_ranges  0x00000348       0x20 CMakeFiles/TemplateF103.elf.dir/SYSTEM/Src/delay.c.obj
 .debug_ranges  0x00000368       0x48 CMakeFiles/TemplateF103.elf.dir/SYSTEM/Src/usart.c.obj
 .debug_ranges  0x000003b0       0x20 CMakeFiles/TemplateF103.elf.dir/startup/startup_stm32f103xb.s.obj

.debug_line     0x00000000     0x2173
 .debug_line    0x00000000      0x1a0 CMakeFiles/TemplateF103.elf.dir/Core/Src/main.c.obj
 .debug_line    0x000001a0      0x111 CMakeFiles/TemplateF103.elf.dir/Core/Src/stm32f10x_it.c.obj
 .debug_line    0x000002b1      0x2d5 CMakeFiles/TemplateF103.elf.dir/Core/Src/system_stm32f10x.c.obj
 .debug_line    0x00000586      0x276 CMakeFiles/TemplateF103.elf.dir/STM32F10x_FWLib/Src/misc.c.obj
 .debug_line    0x000007fc      0x55a CMakeFiles/TemplateF103.elf.dir/STM32F10x_FWLib/Src/stm32f10x_gpio.c.obj
 .debug_line    0x00000d56      0x6f5 CMakeFiles/TemplateF103.elf.dir/STM32F10x_FWLib/Src/stm32f10x_rcc.c.obj
 .debug_line    0x0000144b      0x6a1 CMakeFiles/TemplateF103.elf.dir/STM32F10x_FWLib/Src/stm32f10x_usart.c.obj
 .debug_line    0x00001aec      0x21a CMakeFiles/TemplateF103.elf.dir/SYSTEM/Src/delay.c.obj
 .debug_line    0x00001d06      0x3d8 CMakeFiles/TemplateF103.elf.dir/SYSTEM/Src/usart.c.obj
 .debug_line    0x000020de       0x95 CMakeFiles/TemplateF103.elf.dir/startup/startup_stm32f103xb.s.obj

.debug_str      0x00000000     0x19ee
 .debug_str     0x00000000      0x2dc CMakeFiles/TemplateF103.elf.dir/Core/Src/main.c.obj
                                0x327 (size before relaxing)
 .debug_str     0x000002dc       0xc3 CMakeFiles/TemplateF103.elf.dir/Core/Src/stm32f10x_it.c.obj
                                0x234 (size before relaxing)
 .debug_str     0x0000039f      0x16a CMakeFiles/TemplateF103.elf.dir/Core/Src/system_stm32f10x.c.obj
                                0x324 (size before relaxing)
 .debug_str     0x00000509      0x213 CMakeFiles/TemplateF103.elf.dir/STM32F10x_FWLib/Src/misc.c.obj
                                0x407 (size before relaxing)
 .debug_str     0x0000071c      0x26e CMakeFiles/TemplateF103.elf.dir/STM32F10x_FWLib/Src/stm32f10x_gpio.c.obj
                                0x568 (size before relaxing)
 .debug_str     0x0000098a      0x3e6 CMakeFiles/TemplateF103.elf.dir/STM32F10x_FWLib/Src/stm32f10x_rcc.c.obj
                                0x669 (size before relaxing)
 .debug_str     0x00000d70      0x441 CMakeFiles/TemplateF103.elf.dir/STM32F10x_FWLib/Src/stm32f10x_usart.c.obj
                                0x6df (size before relaxing)
 .debug_str     0x000011b1       0x5e CMakeFiles/TemplateF103.elf.dir/SYSTEM/Src/delay.c.obj
                                0x236 (size before relaxing)
 .debug_str     0x0000120f      0x798 CMakeFiles/TemplateF103.elf.dir/SYSTEM/Src/usart.c.obj
                                0xc06 (size before relaxing)
 .debug_str     0x000019a7       0x47 CMakeFiles/TemplateF103.elf.dir/startup/startup_stm32f103xb.s.obj
                                 0x74 (size before relaxing)

.comment        0x00000000       0x49
 .comment       0x00000000       0x49 CMakeFiles/TemplateF103.elf.dir/Core/Src/main.c.obj
                                 0x4a (size before relaxing)
 .comment       0x00000049       0x4a CMakeFiles/TemplateF103.elf.dir/Core/Src/stm32f10x_it.c.obj
 .comment       0x00000049       0x4a CMakeFiles/TemplateF103.elf.dir/Core/Src/system_stm32f10x.c.obj
 .comment       0x00000049       0x4a CMakeFiles/TemplateF103.elf.dir/STM32F10x_FWLib/Src/misc.c.obj
 .comment       0x00000049       0x4a CMakeFiles/TemplateF103.elf.dir/STM32F10x_FWLib/Src/stm32f10x_gpio.c.obj
 .comment       0x00000049       0x4a CMakeFiles/TemplateF103.elf.dir/STM32F10x_FWLib/Src/stm32f10x_rcc.c.obj
 .comment       0x00000049       0x4a CMakeFiles/TemplateF103.elf.dir/STM32F10x_FWLib/Src/stm32f10x_usart.c.obj
 .comment       0x00000049       0x4a CMakeFiles/TemplateF103.elf.dir/SYSTEM/Src/delay.c.obj
 .comment       0x00000049       0x4a CMakeFiles/TemplateF103.elf.dir/SYSTEM/Src/usart.c.obj

.debug_frame    0x00000000     0x107c
 .debug_frame   0x00000000       0x34 CMakeFiles/TemplateF103.elf.dir/Core/Src/main.c.obj
 .debug_frame   0x00000034      0x110 CMakeFiles/TemplateF103.elf.dir/Core/Src/stm32f10x_it.c.obj
 .debug_frame   0x00000144       0x98 CMakeFiles/TemplateF103.elf.dir/Core/Src/system_stm32f10x.c.obj
 .debug_frame   0x000001dc       0xd8 CMakeFiles/TemplateF103.elf.dir/STM32F10x_FWLib/Src/misc.c.obj
 .debug_frame   0x000002b4      0x2d0 CMakeFiles/TemplateF103.elf.dir/STM32F10x_FWLib/Src/stm32f10x_gpio.c.obj
 .debug_frame   0x00000584      0x4f4 CMakeFiles/TemplateF103.elf.dir/STM32F10x_FWLib/Src/stm32f10x_rcc.c.obj
 .debug_frame   0x00000a78      0x490 CMakeFiles/TemplateF103.elf.dir/STM32F10x_FWLib/Src/stm32f10x_usart.c.obj
 .debug_frame   0x00000f08       0x7c CMakeFiles/TemplateF103.elf.dir/SYSTEM/Src/delay.c.obj
 .debug_frame   0x00000f84       0xcc CMakeFiles/TemplateF103.elf.dir/SYSTEM/Src/usart.c.obj
 .debug_frame   0x00001050       0x2c c:/gcc-arm-none-eabi-10.3-2021.10/bin/../lib/gcc/arm-none-eabi/10.3.1/../../../../arm-none-eabi/lib/thumb/v7-m/nofp\libg_nano.a(lib_a-init.o)
